HieroProtobufs.Proto_TransactionBody:
transactionID {
  transactionValidStart {
    seconds: 1554158542
  }
  accountID {
    accountNum: 5006
  }
}
nodeAccountID {
  accountNum: 5005
}
transactionFee: 200000000
transactionValidDuration {
  seconds: 120
}
atomic_batch {
  transactions: "*\334\001\nq\n\r\n\006\b\316\247\212\345\005\022\003\030\216'\030\200\204\257_\"\002\bxZ1\n#:!\002Gx\024\037\377\344b\333\263\201|\223\344%+-o_Vg\372q\363K\204(\002e\300\035@\217\020\200\302\327/J\005\b\200\316\332\003\312\004#:!\002Gx\024\037\377\344b\333\263\201|\223\344%+-o_Vg\372q\363K\204(\002e\300\035@\217\022g\ne\n!\002Gx\024\037\377\344b\333\263\201|\223\344%+-o_Vg\372q\363K\204(\002e\300\035@\2172@?3s\270V\222\306\267\255J\307\224\002\037-\321\331f\2357\307\373\265K\tQ_\276jpY_`\334ZY\205\002\005\0234\326}\276\314\273O\332\305\263\333\276\261\232b\331\003.\205y\255\"\365\363"
  transactions: "*\334\001\nq\n\r\n\006\b\316\247\212\345\005\022\003\030\216'\030\200\204\257_\"\002\bxZ1\n#:!\002Gx\024\037\377\344b\333\263\201|\223\344%+-o_Vg\372q\363K\204(\002e\300\035@\217\020\200\302\327/J\005\b\200\316\332\003\312\004#:!\002Gx\024\037\377\344b\333\263\201|\223\344%+-o_Vg\372q\363K\204(\002e\300\035@\217\022g\ne\n!\002Gx\024\037\377\344b\333\263\201|\223\344%+-o_Vg\372q\363K\204(\002e\300\035@\2172@?3s\270V\222\306\267\255J\307\224\002\037-\321\331f\2357\307\373\265K\tQ_\276jpY_`\334ZY\205\002\005\0234\326}\276\314\273O\332\305\263\333\276\261\232b\331\003.\205y\255\"\365\363"
}
