TopicInfo(topicId: 0.6.9, topicMemo: "1", runningHash: 1 bytes, sequenceNumber: 3, expirationTime: Optional(0004000000), adminKey: Optional(Hiero.Key.single(302a300506032b6570032100e0c8ec2758a5879ffac226a13c0c516b799e72e35141a0dd828f94d37988a4b7)), submitKey: Optional(Hiero.Key.single(302a300506032b6570032100e0c8ec2758a5879ffac226a13c0c516b799e72e35141a0dd828f94d37988a4b7)), autoRenewAccountId: Optional(0.0.4), autoRenewPeriod: Optional(Hiero.Duration(seconds: 432000)), ledgerId: testnet, feeScheduleKey: Optional(Hiero.Key.single(302a300506032b6570032100cce0ca9ad24b8cba903f4c73c79fd50aa90953bc05d67c4299f72f071b672d5a)), feeExemptKeys: [Hiero.Key.single(302a300506032b6570032100e0c8ec2758a5879ffac226a13c0c516b799e72e35141a0dd828f94d37988a4b7), Hiero.Key.single(302a300506032b6570032100cce0ca9ad24b8cba903f4c73c79fd50aa90953bc05d67c4299f72f071b672d5a)], customFees: [Hiero.CustomFixedFee(amount: 100, denominatingTokenId: Optional(4.1.1), feeCollectorAccountId: nil, allCollectorsAreExempt: false)])